[Wed Jun 20 14:14:10.156675 2018] [negotiation:error] [pid 25846] (13)Permission denied: [client 192.0.99.178:54879] AH00686: cannot read directory for multi: /home/CS/jtoone/public_html/
[Wed Jun 20 14:14:10.157505 2018] [negotiation:error] [pid 25854] (13)Permission denied: [client 192.0.100.154:54149] AH00686: cannot read directory for multi: /home/CS/jtoone/public_html/
[Wed Jun 20 14:14:10.160005 2018] [negotiation:error] [pid 25850] (13)Permission denied: [client 192.0.101.35:15372] AH00686: cannot read directory for multi: /home/CS/jtoone/public_html/
[Wed Jun 20 14:14:10.160458 2018] [negotiation:error] [pid 25681] (13)Permission denied: [client 192.0.101.59:41929] AH00686: cannot read directory for multi: /home/CS/jtoone/public_html/
[Wed Jun 20 14:14:10.160509 2018] [negotiation:error] [pid 25851] (13)Permission denied: [client 192.0.101.240:60809] AH00686: cannot read directory for multi: /home/CS/jtoone/public_html/
[Wed Jun 20 14:14:10.160540 2018] [negotiation:error] [pid 25726] (13)Permission denied: [client 192.0.100.226:37634] AH00686: cannot read directory for multi: /home/CS/jtoone/public_html/
[Wed Jun 20 14:14:10.162271 2018] [negotiation:error] [pid 25848] (13)Permission denied: [client 192.0.99.227:54107] AH00686: cannot read directory for multi: /home/CS/jtoone/public_html/
[Wed Jun 20 14:14:10.162457 2018] [negotiation:error] [pid 25797] (13)Permission denied: [client 192.0.101.166:33664] AH00686: cannot read directory for multi: /home/CS/jtoone/public_html/
[Wed Jun 20 14:14:10.182272 2018] [negotiation:error] [pid 25685] (13)Permission denied: [client 192.0.100.155:48185] AH00686: cannot read directory for multi: /home/CS/jtoone/public_html/
[Wed Jun 20 14:14:10.188916 2018] [negotiation:error] [pid 25856] (13)Permission denied: [client 192.0.102.92:64692] AH00686: cannot read directory for multi: /home/CS/jtoone/public_html/
[Wed Jun 20 14:14:10.192013 2018] [negotiation:error] [pid 25846] (13)Permission denied: [client 192.0.100.35:6938] AH00686: cannot read directory for multi: /home/CS/jtoone/public_html/
[Wed Jun 20 14:14:10.192679 2018] [negotiation:error] [pid 25854] (13)Permission denied: [client 192.0.101.83:32654] AH00686: cannot read directory for multi: /home/CS/jtoone/public_html/
[Wed Jun 20 14:14:10.192706 2018] [negotiation:error] [pid 25850] (13)Permission denied: [client 192.0.99.203:60212] AH00686: cannot read directory for multi: /home/CS/jtoone/public_html/
[Wed Jun 20 14:14:10.195707 2018] [negotiation:error] [pid 25726] (13)Permission denied: [client 192.0.100.82:23459] AH00686: cannot read directory for multi: /home/CS/jtoone/public_html/
[Wed Jun 20 14:14:10.195834 2018] [negotiation:error] [pid 25851] (13)Permission denied: [client 192.0.102.118:40432] AH00686: cannot read directory for multi: /home/CS/jtoone/public_html/
[Wed Jun 20 14:51:09.342553 2018] [core:crit] [pid 25877] (13)Permission denied: [client 172.56.4.203:32013] AH00529: /home/CS/mdrewry/public_html/cs102/.htaccess pcfg_openfile: unable to check htaccess file, ensure it is readable and that '/home/CS/mdrewry/public_html/cs102/' is executable
[Wed Jun 20 15:27:54.201146 2018] [authz_core:error] [pid 25877] [client 5.255.250.23:61193] AH01630: client denied by server configuration: /home/CS/visgig/public_html
[Wed Jun 20 15:31:28.155684 2018] [negotiation:error] [pid 25877] (13)Permission denied: [client 104.176.173.168:49568] AH00686: cannot read directory for multi: /home/CS/delugach/public_html/
[Wed Jun 20 15:31:28.156149 2018] [negotiation:error] [pid 25877] (13)Permission denied: [client 104.176.173.168:49568] AH00686: cannot read directory for multi: /home/CS/delugach/public_html/
[Wed Jun 20 15:31:28.156721 2018] [negotiation:error] [pid 25877] (13)Permission denied: [client 104.176.173.168:49568] AH00686: cannot read directory for multi: /home/CS/delugach/public_html/
[Wed Jun 20 15:31:30.186170 2018] [negotiation:error] [pid 25877] (13)Permission denied: [client 104.176.173.168:49568] AH00686: cannot read directory for multi: /home/CS/delugach/public_html/
[Wed Jun 20 15:31:30.186752 2018] [negotiation:error] [pid 25877] (13)Permission denied: [client 104.176.173.168:49568] AH00686: cannot read directory for multi: /home/CS/delugach/public_html/
[Wed Jun 20 15:31:30.187177 2018] [negotiation:error] [pid 25877] (13)Permission denied: [client 104.176.173.168:49568] AH00686: cannot read directory for multi: /home/CS/delugach/public_html/
[Wed Jun 20 15:34:38.179402 2018] [:error] [pid 25880] [client 68.34.128.155:54344] PHP Notice:  Undefined index: cur in /netshare/var/www/html/visgig/index.php on line 3, referer: https://www.google.com/
[Wed Jun 20 15:46:49.286925 2018] [core:crit] [pid 26294] (13)Permission denied: [client 66.249.64.158:51735] AH00529: /home/CS/rcoleman/public_html/CS221/Section1/.htaccess pcfg_openfile: unable to check htaccess file, ensure it is readable and that '/home/CS/rcoleman/public_html/CS221/Section1/' is executable
[Wed Jun 20 15:55:37.030960 2018] [core:crit] [pid 26290] (13)Permission denied: [client 136.53.1.166:59851] AH00529: /home/CS/mdrewry/public_html/cs102/.htaccess pcfg_openfile: unable to check htaccess file, ensure it is readable and that '/home/CS/mdrewry/public_html/cs102/' is executable
[Wed Jun 20 16:12:51.084975 2018] [authz_core:error] [pid 26287] [client 5.255.250.23:43022] AH01630: client denied by server configuration: /home/CS/visgig/public_html
[Wed Jun 20 17:06:14.494843 2018] [core:crit] [pid 26301] (13)Permission denied: [client 136.53.1.166:53093] AH00529: /home/CS/mdrewry/public_html/cs102/.htaccess pcfg_openfile: unable to check htaccess file, ensure it is readable and that '/home/CS/mdrewry/public_html/cs102/' is executable
[Wed Jun 20 17:09:53.935067 2018] [core:crit] [pid 26348] (13)Permission denied: [client 66.249.64.158:50928] AH00529: /home/CS/rcoleman/public_html/CS221/Section3/.htaccess pcfg_openfile: unable to check htaccess file, ensure it is readable and that '/home/CS/rcoleman/public_html/CS221/Section3/' is executable
[Wed Jun 20 17:18:25.453802 2018] [core:error] [pid 26394] (13)Permission denied: [client 157.55.39.219:18761] AH00132: file permissions deny server access: /home/CS/rcoleman/public_html/CS307/GUIs/GUI_Lab_01-MsgBox.html
[Wed Jun 20 17:36:48.185382 2018] [core:crit] [pid 26703] (13)Permission denied: [client 136.53.1.166:55145] AH00529: /home/CS/mdrewry/public_html/cs102/.htaccess pcfg_openfile: unable to check htaccess file, ensure it is readable and that '/home/CS/mdrewry/public_html/cs102/' is executable
[Wed Jun 20 17:46:56.218059 2018] [negotiation:error] [pid 26870] (13)Permission denied: [client 66.249.64.128:53674] AH00686: cannot read directory for multi: /home/CS/delugach/public_html/
[Wed Jun 20 17:53:22.317880 2018] [:error] [pid 26939] [client 35.153.194.52:50788] PHP Notice:  Undefined index: page in /netshare/var/www/html/visgig/index.php on line 2
[Wed Jun 20 17:53:22.317901 2018] [:error] [pid 26939] [client 35.153.194.52:50788] PHP Notice:  Undefined index: cur in /netshare/var/www/html/visgig/index.php on line 3
[Wed Jun 20 17:54:52.736251 2018] [authz_core:error] [pid 26313] [client 35.153.194.52:7578] AH01630: client denied by server configuration: /home/CS/visgig/public_html
[Wed Jun 20 17:55:22.801368 2018] [authz_core:error] [pid 26858] [client 35.153.194.52:14270] AH01630: client denied by server configuration: /home/CS/visgig/public_html
[Wed Jun 20 17:57:53.574864 2018] [:error] [pid 26872] [client 35.153.194.52:48708] PHP Notice:  Undefined index: cur in /netshare/var/www/html/visgig/index.php on line 3
[Wed Jun 20 17:58:23.618402 2018] [:error] [pid 26394] [client 35.153.194.52:55432] PHP Notice:  Undefined index: cur in /netshare/var/www/html/visgig/index.php on line 3
[Wed Jun 20 17:58:23.641937 2018] [:error] [pid 26394] [client 35.153.194.52:55432] PHP Notice:  Undefined index: cur in /netshare/var/www/html/visgig/index.php on line 3
[Wed Jun 20 17:58:23.665029 2018] [:error] [pid 26394] [client 35.153.194.52:55432] PHP Notice:  Undefined index: cur in /netshare/var/www/html/visgig/index.php on line 3
[Wed Jun 20 17:58:53.711019 2018] [:error] [pid 26858] [client 35.153.194.52:62392] PHP Notice:  Undefined index: cur in /netshare/var/www/html/visgig/index.php on line 3
[Wed Jun 20 17:58:53.740007 2018] [:error] [pid 26858] [client 35.153.194.52:62392] PHP Notice:  Undefined index: cur in /netshare/var/www/html/visgig/index.php on line 3
[Wed Jun 20 17:58:53.764389 2018] [:error] [pid 26858] [client 35.153.194.52:62392] PHP Notice:  Undefined index: cur in /netshare/var/www/html/visgig/index.php on line 3
[Wed Jun 20 17:58:53.845450 2018] [autoindex:error] [pid 26858] [client 35.153.194.52:62392] AH01276: Cannot serve directory /var/www/html/visgig/K12/: No matching DirectoryIndex (index.html,index.cgi,index.pl,index.php,index.xhtml,index.htm) found, and server-generated directory index forbidden by Options directive
[Wed Jun 20 17:59:23.916749 2018] [authz_core:error] [pid 26735] [client 35.153.194.52:5460] AH01630: client denied by server configuration: /home/CS/visgig/public_html
[Wed Jun 20 17:59:54.034635 2018] [negotiation:error] [pid 26797] (13)Permission denied: [client 35.153.194.52:12396] AH00686: cannot read directory for multi: /home/CS/tnewman/public_html/
[Wed Jun 20 17:59:54.056532 2018] [negotiation:error] [pid 26797] (13)Permission denied: [client 35.153.194.52:12396] AH00686: cannot read directory for multi: /home/CS/tnewman/public_html/
[Wed Jun 20 17:59:54.078642 2018] [negotiation:error] [pid 26797] (13)Permission denied: [client 35.153.194.52:12396] AH00686: cannot read directory for multi: /home/CS/tnewman/public_html/
[Wed Jun 20 17:59:54.113739 2018] [negotiation:error] [pid 26797] (13)Permission denied: [client 35.153.194.52:12396] AH00686: cannot read directory for multi: /home/CS/tnewman/public_html/
[Wed Jun 20 18:01:54.574753 2018] [:error] [pid 26394] [client 35.153.194.52:39460] PHP Notice:  Undefined variable: is_motd in /netshare/var/www/html/intranet/index.php on line 505
[Wed Jun 20 18:01:54.661076 2018] [autoindex:error] [pid 26394] [client 35.153.194.52:39460] AH01276: Cannot serve directory /var/www/html/intranet/resources/: No matching DirectoryIndex (index.html,index.cgi,index.pl,index.php,index.xhtml,index.htm) found, and server-generated directory index forbidden by Options directive
[Wed Jun 20 18:02:54.953301 2018] [:error] [pid 26301] [client 35.153.194.52:53392] PHP Notice:  Undefined index: content in /netshare/var/www/html/intranet/index.php on line 480
[Wed Jun 20 18:02:54.953323 2018] [:error] [pid 26301] [client 35.153.194.52:53392] PHP Notice:  Undefined index: content in /netshare/var/www/html/intranet/index.php on line 480
[Wed Jun 20 18:02:55.017421 2018] [autoindex:error] [pid 26301] [client 35.153.194.52:53392] AH01276: Cannot serve directory /var/www/html/intranet/faqs/: No matching DirectoryIndex (index.html,index.cgi,index.pl,index.php,index.xhtml,index.htm) found, and server-generated directory index forbidden by Options directive
[Wed Jun 20 18:14:42.870473 2018] [negotiation:error] [pid 26313] (13)Permission denied: [client 40.77.167.145:4602] AH00686: cannot read directory for multi: /home/CS/weisskop/public_html/
[Wed Jun 20 18:15:28.848584 2018] [negotiation:error] [pid 26994] (13)Permission denied: [client 104.176.173.168:52198] AH00686: cannot read directory for multi: /home/CS/delugach/public_html/
[Wed Jun 20 18:15:28.848998 2018] [negotiation:error] [pid 26994] (13)Permission denied: [client 104.176.173.168:52198] AH00686: cannot read directory for multi: /home/CS/delugach/public_html/
[Wed Jun 20 18:15:28.849327 2018] [negotiation:error] [pid 26994] (13)Permission denied: [client 104.176.173.168:52198] AH00686: cannot read directory for multi: /home/CS/delugach/public_html/
[Wed Jun 20 18:15:30.812985 2018] [negotiation:error] [pid 26994] (13)Permission denied: [client 104.176.173.168:52198] AH00686: cannot read directory for multi: /home/CS/delugach/public_html/
[Wed Jun 20 18:15:30.813352 2018] [negotiation:error] [pid 26994] (13)Permission denied: [client 104.176.173.168:52198] AH00686: cannot read directory for multi: /home/CS/delugach/public_html/
[Wed Jun 20 18:15:30.820995 2018] [negotiation:error] [pid 26994] (13)Permission denied: [client 104.176.173.168:52198] AH00686: cannot read directory for multi: /home/CS/delugach/public_html/
[Wed Jun 20 18:20:58.189749 2018] [negotiation:error] [pid 26301] (13)Permission denied: [client 104.176.173.168:52370] AH00686: cannot read directory for multi: /home/CS/delugach/public_html/
[Wed Jun 20 18:20:58.190176 2018] [negotiation:error] [pid 26301] (13)Permission denied: [client 104.176.173.168:52370] AH00686: cannot read directory for multi: /home/CS/delugach/public_html/
[Wed Jun 20 18:20:58.190627 2018] [negotiation:error] [pid 26301] (13)Permission denied: [client 104.176.173.168:52370] AH00686: cannot read directory for multi: /home/CS/delugach/public_html/
[Wed Jun 20 18:20:59.274732 2018] [negotiation:error] [pid 26301] (13)Permission denied: [client 104.176.173.168:52370] AH00686: cannot read directory for multi: /home/CS/delugach/public_html/
[Wed Jun 20 18:20:59.275179 2018] [negotiation:error] [pid 26301] (13)Permission denied: [client 104.176.173.168:52370] AH00686: cannot read directory for multi: /home/CS/delugach/public_html/
[Wed Jun 20 18:20:59.275603 2018] [negotiation:error] [pid 26301] (13)Permission denied: [client 104.176.173.168:52370] AH00686: cannot read directory for multi: /home/CS/delugach/public_html/
[Wed Jun 20 18:45:35.136840 2018] [negotiation:error] [pid 27085] (13)Permission denied: [client 104.176.173.168:52743] AH00686: cannot read directory for multi: /home/CS/delugach/public_html/
[Wed Jun 20 18:45:35.137313 2018] [negotiation:error] [pid 27085] (13)Permission denied: [client 104.176.173.168:52743] AH00686: cannot read directory for multi: /home/CS/delugach/public_html/
[Wed Jun 20 18:45:35.137634 2018] [negotiation:error] [pid 27085] (13)Permission denied: [client 104.176.173.168:52743] AH00686: cannot read directory for multi: /home/CS/delugach/public_html/
[Wed Jun 20 18:45:36.187115 2018] [negotiation:error] [pid 27085] (13)Permission denied: [client 104.176.173.168:52743] AH00686: cannot read directory for multi: /home/CS/delugach/public_html/
[Wed Jun 20 18:45:36.187666 2018] [negotiation:error] [pid 27085] (13)Permission denied: [client 104.176.173.168:52743] AH00686: cannot read directory for multi: /home/CS/delugach/public_html/
[Wed Jun 20 18:45:36.188195 2018] [negotiation:error] [pid 27085] (13)Permission denied: [client 104.176.173.168:52743] AH00686: cannot read directory for multi: /home/CS/delugach/public_html/
[Wed Jun 20 18:52:03.548721 2018] [negotiation:error] [pid 26348] (13)Permission denied: [client 46.229.168.81:40420] AH00686: cannot read directory for multi: /home/CS/letzkorn/public_html/
[Wed Jun 20 18:55:09.631325 2018] [negotiation:error] [pid 26872] (13)Permission denied: [client 46.229.168.66:56220] AH00686: cannot read directory for multi: /home/CS/delugach/public_html/
[Wed Jun 20 18:59:02.977971 2018] [:error] [pid 27085] [client 46.229.168.83:56000] PHP Notice:  Undefined index: cur in /netshare/var/www/html/visgig/index.php on line 3
[Wed Jun 20 19:03:32.475859 2018] [negotiation:error] [pid 26313] (13)Permission denied: [client 46.229.168.83:61528] AH00686: cannot read directory for multi: /home/CS/delugach/public_html/
[Wed Jun 20 19:03:32.476216 2018] [negotiation:error] [pid 26313] (13)Permission denied: [client 46.229.168.83:61528] AH00686: cannot read directory for multi: /home/CS/delugach/public_html/
[Wed Jun 20 19:03:32.476553 2018] [negotiation:error] [pid 26313] (13)Permission denied: [client 46.229.168.83:61528] AH00686: cannot read directory for multi: /home/CS/delugach/public_html/
[Wed Jun 20 19:05:43.928179 2018] [negotiation:error] [pid 26301] (13)Permission denied: [client 46.229.168.71:12572] AH00686: cannot read directory for multi: /home/CS/delugach/public_html/
[Wed Jun 20 19:06:29.977967 2018] [authz_core:error] [pid 26967] [client 46.229.168.70:65522] AH01630: client denied by server configuration: /home/CS/visgig/public_html
[Wed Jun 20 19:06:52.219199 2018] [core:error] [pid 27259] (13)Permission denied: [client 46.229.168.75:64190] AH00132: file permissions deny server access: /home/CS/rcoleman/public_html/CS307/GUIs/GUI_Lab_05a-Sketcher.html
[Wed Jun 20 19:09:11.419519 2018] [authz_core:error] [pid 26348] [client 46.229.168.79:12406] AH01630: client denied by server configuration: /home/CS/visgig/public_html
[Wed Jun 20 19:10:24.859170 2018] [core:error] [pid 27085] (13)Permission denied: [client 46.229.168.72:17918] AH00132: file permissions deny server access: /home/CS/rcoleman/public_html/CS307/GUIs/GUI_Demo-Java.html
[Wed Jun 20 19:12:14.897086 2018] [authz_core:error] [pid 26301] [client 46.229.168.74:46624] AH01630: client denied by server configuration: /home/CS/visgig/public_html
[Wed Jun 20 19:18:00.552662 2018] [negotiation:error] [pid 26967] (13)Permission denied: [client 46.229.168.79:54962] AH00686: cannot read directory for multi: /home/CS/delugach/public_html/
[Wed Jun 20 19:19:26.083676 2018] [negotiation:error] [pid 26870] (13)Permission denied: [client 46.229.168.75:28288] AH00686: cannot read directory for multi: /home/CS/delugach/public_html/
[Wed Jun 20 19:20:38.014540 2018] [core:error] [pid 26870] (13)Permission denied: [client 46.229.168.84:59842] AH00132: file permissions deny server access: /home/CS/rcoleman/public_html/CS307/GUIs/GUI_Lab_01-MsgBox.html
[Wed Jun 20 19:21:08.498470 2018] [autoindex:error] [pid 27299] [client 46.229.168.78:61136] AH01276: Cannot serve directory /var/www/html/visgig/K12/: No matching DirectoryIndex (index.html,index.cgi,index.pl,index.php,index.xhtml,index.htm) found, and server-generated directory index forbidden by Options directive
[Wed Jun 20 19:23:12.243354 2018] [negotiation:error] [pid 27085] (13)Permission denied: [client 46.229.168.68:29252] AH00686: cannot read directory for multi: /home/CS/delugach/public_html/
[Wed Jun 20 19:23:22.693758 2018] [authz_core:error] [pid 27259] [client 46.229.168.67:21436] AH01630: client denied by server configuration: /home/CS/visgig/public_html
[Wed Jun 20 19:25:58.661364 2018] [:error] [pid 27293] [client 46.229.168.76:4914] PHP Notice:  Undefined index: cur in /netshare/var/www/html/visgig/index.php on line 3
[Wed Jun 20 19:27:52.651571 2018] [authz_core:error] [pid 27085] [client 5.255.250.23:52328] AH01630: client denied by server configuration: /home/CS/visgig/public_html
[Wed Jun 20 19:27:58.628306 2018] [authz_core:error] [pid 26967] [client 46.229.168.84:31186] AH01630: client denied by server configuration: /home/CS/visgig/public_html
[Wed Jun 20 19:28:33.476479 2018] [core:error] [pid 26967] (13)Permission denied: [client 46.229.168.78:14312] AH00132: file permissions deny server access: /home/CS/rcoleman/public_html/CS307/GUIs/GUI_Lab_05b-Sketcher.html
[Wed Jun 20 19:33:43.721859 2018] [:error] [pid 27367] [client 46.229.168.72:46944] PHP Notice:  Undefined variable: is_motd in /netshare/var/www/html/intranet/index.php on line 505
[Wed Jun 20 19:34:45.907826 2018] [cgi:error] [pid 27259] [client 46.229.168.78:22340] script not found or unable to stat: /usr/lib/cgi-bin/lthomas
[Wed Jun 20 19:35:33.706034 2018] [negotiation:error] [pid 26872] (13)Permission denied: [client 46.229.168.79:35174] AH00686: cannot read directory for multi: /home/CS/delugach/public_html/
[Wed Jun 20 19:35:43.371929 2018] [authz_core:error] [pid 27294] [client 46.229.168.69:22372] AH01630: client denied by server configuration: /home/CS/visgig/public_html
[Wed Jun 20 19:38:14.507699 2018] [core:error] [pid 27085] (13)Permission denied: [client 46.229.168.67:46762] AH00132: file permissions deny server access: /home/CS/rcoleman/public_html/CS307/GUIs/GUI_Lab_04-WinForms.html
[Wed Jun 20 19:39:50.263800 2018] [authz_core:error] [pid 27259] [client 46.229.168.80:39566] AH01630: client denied by server configuration: /home/CS/visgig/public_html
[Wed Jun 20 19:41:29.586779 2018] [core:crit] [pid 27259] (13)Permission denied: [client 5.255.250.23:48265] AH00529: /home/CS/rcoleman/public_html/CS221/Section3/.htaccess pcfg_openfile: unable to check htaccess file, ensure it is readable and that '/home/CS/rcoleman/public_html/CS221/Section3/' is executable
[Wed Jun 20 19:42:52.545933 2018] [authz_core:error] [pid 27259] [client 46.229.168.65:47542] AH01630: client denied by server configuration: /home/CS/visgig/public_html
[Wed Jun 20 19:43:34.934442 2018] [authz_core:error] [pid 27357] [client 46.229.168.69:15472] AH01630: client denied by server configuration: /home/CS/visgig/public_html
[Wed Jun 20 19:43:58.391446 2018] [authz_core:error] [pid 26872] [client 46.229.168.75:28290] AH01630: client denied by server configuration: /home/CS/visgig/public_html
[Wed Jun 20 19:44:24.034264 2018] [negotiation:error] [pid 27259] (13)Permission denied: [client 46.229.168.68:3008] AH00686: cannot read directory for multi: /home/CS/delugach/public_html/
[Wed Jun 20 19:44:49.090241 2018] [core:error] [pid 26348] (13)Permission denied: [client 46.229.168.69:37320] AH00132: file permissions deny server access: /home/CS/rcoleman/public_html/CS307/GUIs/GUI_Lab_02-SimpleWin.html
[Wed Jun 20 19:53:38.190489 2018] [core:crit] [pid 26872] (13)Permission denied: [client 136.53.1.166:64608] AH00529: /home/CS/mdrewry/public_html/cs102/.htaccess pcfg_openfile: unable to check htaccess file, ensure it is readable and that '/home/CS/mdrewry/public_html/cs102/' is executable
[Wed Jun 20 20:47:13.570262 2018] [core:crit] [pid 27734] (13)Permission denied: [client 157.55.39.155:16897] AH00529: /home/CS/rcoleman/public_html/CS221/Section1/.htaccess pcfg_openfile: unable to check htaccess file, ensure it is readable and that '/home/CS/rcoleman/public_html/CS221/Section1/' is executable
[Wed Jun 20 20:48:24.515639 2018] [:error] [pid 27733] [client 207.46.13.51:16296] PHP Notice:  Undefined index: page in /netshare/var/www/html/visgig/index.php on line 2
[Wed Jun 20 20:48:24.515684 2018] [:error] [pid 27733] [client 207.46.13.51:16296] PHP Notice:  Undefined index: cur in /netshare/var/www/html/visgig/index.php on line 3
[Wed Jun 20 20:53:18.423209 2018] [:error] [pid 27797] [client 68.54.161.196:58836] PHP Notice:  Undefined index: page in /netshare/var/www/html/visgig/index.php on line 2
[Wed Jun 20 20:53:18.423237 2018] [:error] [pid 27797] [client 68.54.161.196:58836] PHP Notice:  Undefined index: cur in /netshare/var/www/html/visgig/index.php on line 3
[Wed Jun 20 21:19:41.799743 2018] [core:crit] [pid 27844] (13)Permission denied: [client 136.53.1.166:65145] AH00529: /home/CS/mdrewry/public_html/cs102/.htaccess pcfg_openfile: unable to check htaccess file, ensure it is readable and that '/home/CS/mdrewry/public_html/cs102/' is executable
[Wed Jun 20 21:34:35.024418 2018] [core:crit] [pid 27299] (13)Permission denied: [client 136.53.1.166:60124] AH00529: /home/CS/mdrewry/public_html/cs102/.htaccess pcfg_openfile: unable to check htaccess file, ensure it is readable and that '/home/CS/mdrewry/public_html/cs102/' is executable
[Wed Jun 20 21:39:16.488943 2018] [core:crit] [pid 28016] (13)Permission denied: [client 207.46.13.51:15537] AH00529: /home/CS/rcoleman/public_html/CS221/Section3/.htaccess pcfg_openfile: unable to check htaccess file, ensure it is readable and that '/home/CS/rcoleman/public_html/CS221/Section3/' is executable
[Wed Jun 20 22:05:24.272642 2018] [core:crit] [pid 27842] (13)Permission denied: [client 136.53.1.166:64521] AH00529: /home/CS/mdrewry/public_html/cs102/.htaccess pcfg_openfile: unable to check htaccess file, ensure it is readable and that '/home/CS/mdrewry/public_html/cs102/' is executable
[Wed Jun 20 23:24:55.143605 2018] [:error] [pid 28523] [client 5.255.250.53:62231] PHP Notice:  Undefined index: cur in /netshare/var/www/html/visgig/index.php on line 3
[Wed Jun 20 23:26:35.528128 2018] [core:crit] [pid 28512] (13)Permission denied: [client 207.46.13.51:3276] AH00529: /home/CS/rcoleman/public_html/CS221/Section3/.htaccess pcfg_openfile: unable to check htaccess file, ensure it is readable and that '/home/CS/rcoleman/public_html/CS221/Section3/' is executable
[Wed Jun 20 23:43:11.871772 2018] [core:error] [pid 28503] (13)Permission denied: [client 66.249.64.158:51170] AH00132: file permissions deny server access: /home/CS/tnewman/public_html/syl613.spr-09.pdf
[Wed Jun 20 23:51:26.381023 2018] [core:crit] [pid 28475] (13)Permission denied: [client 66.249.64.158:38080] AH00529: /home/CS/rcoleman/public_html/CS221/Section1/.htaccess pcfg_openfile: unable to check htaccess file, ensure it is readable and that '/home/CS/rcoleman/public_html/CS221/Section1/' is executable
[Wed Jun 20 23:59:30.383631 2018] [negotiation:error] [pid 28779] (13)Permission denied: [client 40.77.167.145:1666] AH00686: cannot read directory for multi: /home/CS/delugach/public_html/
[Wed Jun 20 23:59:30.384334 2018] [negotiation:error] [pid 28779] (13)Permission denied: [client 40.77.167.145:1666] AH00686: cannot read directory for multi: /home/CS/delugach/public_html/
[Wed Jun 20 23:59:30.384785 2018] [negotiation:error] [pid 28779] (13)Permission denied: [client 40.77.167.145:1666] AH00686: cannot read directory for multi: /home/CS/delugach/public_html/
[Thu Jun 21 00:30:08.333355 2018] [core:error] [pid 28948] (13)Permission denied: [client 35.153.194.52:22060] AH00132: file permissions deny server access: /home/CS/rcoleman/public_html/CS307/GUIs/GUI_Lab_01-MsgBox.html
[Thu Jun 21 00:30:08.359106 2018] [core:error] [pid 28948] (13)Permission denied: [client 35.153.194.52:22060] AH00132: file permissions deny server access: /home/CS/rcoleman/public_html/CS307/GUIs/GUI_Lab_02-SimpleWin.html
[Thu Jun 21 00:30:38.404903 2018] [core:error] [pid 28946] (13)Permission denied: [client 35.153.194.52:28514] AH00132: file permissions deny server access: /home/CS/rcoleman/public_html/CS307/GUIs/GUI_Lab_03-MFCDlg.html
[Thu Jun 21 00:30:38.432084 2018] [core:error] [pid 28946] (13)Permission denied: [client 35.153.194.52:28514] AH00132: file permissions deny server access: /home/CS/rcoleman/public_html/CS307/GUIs/GUI_Lab_04-WinForms.html
[Thu Jun 21 00:30:38.466546 2018] [core:error] [pid 28946] (13)Permission denied: [client 35.153.194.52:28514] AH00132: file permissions deny server access: /home/CS/rcoleman/public_html/CS307/GUIs/GUI_Demo-Java.html
[Thu Jun 21 00:31:07.700845 2018] [negotiation:error] [pid 28804] (13)Permission denied: [client 52.7.141.1:55846] AH00686: cannot read directory for multi: /home/CS/delugach/public_html/
[Thu Jun 21 00:31:07.701405 2018] [negotiation:error] [pid 28804] (13)Permission denied: [client 52.7.141.1:55846] AH00686: cannot read directory for multi: /home/CS/delugach/public_html/
[Thu Jun 21 00:31:07.701901 2018] [negotiation:error] [pid 28804] (13)Permission denied: [client 52.7.141.1:55846] AH00686: cannot read directory for multi: /home/CS/delugach/public_html/
[Thu Jun 21 00:31:08.511528 2018] [core:error] [pid 28504] (13)Permission denied: [client 35.153.194.52:34602] AH00132: file permissions deny server access: /home/CS/rcoleman/public_html/CS307/GUIs/GUI_Lab_05a-Sketcher.html
[Thu Jun 21 00:32:25.331591 2018] [:error] [pid 28678] [client 52.7.141.1:15257] PHP Notice:  Undefined index: page in /netshare/var/www/html/visgig/index.php on line 2
[Thu Jun 21 00:32:25.331617 2018] [:error] [pid 28678] [client 52.7.141.1:15257] PHP Notice:  Undefined index: cur in /netshare/var/www/html/visgig/index.php on line 3
[Thu Jun 21 00:33:09.296478 2018] [autoindex:error] [pid 28803] [client 35.153.194.52:59258] AH01276: Cannot serve directory /var/www/html/resources/: No matching DirectoryIndex (index.html,index.cgi,index.pl,index.php,index.xhtml,index.htm) found, and server-generated directory index forbidden by Options directive
[Thu Jun 21 00:36:10.164279 2018] [negotiation:error] [pid 28701] (13)Permission denied: [client 35.153.194.52:31574] AH00686: cannot read directory for multi: /home/CS/delugach/public_html/
[Thu Jun 21 00:44:05.655964 2018] [core:error] [pid 28504] (13)Permission denied: [client 66.249.64.158:36468] AH00132: file permissions deny server access: /home/CS/raygun/public_html/pubs/conf/2006_poster_pbr_jain_g_proteins_svm_hidden.pdf
[Thu Jun 21 01:00:16.945727 2018] [core:crit] [pid 28948] (13)Permission denied: [client 35.153.194.52:59030] AH00529: /home/CS/rcoleman/public_html/CS221/Section3/.htaccess pcfg_openfile: unable to check htaccess file, ensure it is readable and that '/home/CS/rcoleman/public_html/CS221/Section3/' is executable
[Thu Jun 21 01:00:16.958725 2018] [core:crit] [pid 28948] (13)Permission denied: [client 35.153.194.52:59030] AH00529: /home/CS/rcoleman/public_html/CS221/CS221_Zip_Files1_10_2018/.htaccess pcfg_openfile: unable to check htaccess file, ensure it is readable and that '/home/CS/rcoleman/public_html/CS221/CS221_Zip_Files1_10_2018/' is executable
[Thu Jun 21 01:00:16.968097 2018] [core:crit] [pid 28948] (13)Permission denied: [client 35.153.194.52:59030] AH00529: /home/CS/rcoleman/public_html/CS221/Section1/.htaccess pcfg_openfile: unable to check htaccess file, ensure it is readable and that '/home/CS/rcoleman/public_html/CS221/Section1/' is executable
[Thu Jun 21 01:00:17.041955 2018] [core:error] [pid 28948] (13)Permission denied: [client 35.153.194.52:59030] AH00132: file permissions deny server access: /home/CS/rcoleman/public_html/CS221/ProgAssign/ProgPrep.html
[Thu Jun 21 01:00:40.210617 2018] [negotiation:error] [pid 28779] (13)Permission denied: [client 66.249.64.128:34971] AH00686: cannot read directory for multi: /home/CS/delugach/public_html/
[Thu Jun 21 01:01:17.360584 2018] [core:error] [pid 28701] (13)Permission denied: [client 35.153.194.52:6852] AH00132: file permissions deny server access: /home/CS/rcoleman/public_html/CS307/GUIs/GUI_Lab_05b-Sketcher.html
[Thu Jun 21 01:01:17.382514 2018] [core:error] [pid 28701] (13)Permission denied: [client 35.153.194.52:6852] AH00132: file permissions deny server access: /home/CS/rcoleman/public_html/CS307/GUIs/GUI_Lab_05c-Sketcher.html
[Thu Jun 21 01:01:17.405716 2018] [core:error] [pid 28701] (13)Permission denied: [client 35.153.194.52:6852] AH00132: file permissions deny server access: /home/CS/rcoleman/public_html/CS307/GUIs/GUI_Lab_05d-Sketcher.html
[Thu Jun 21 01:01:32.965981 2018] [negotiation:error] [pid 28779] (13)Permission denied: [client 52.4.143.42:43962] AH00686: cannot read directory for multi: /home/CS/delugach/public_html/
[Thu Jun 21 01:01:32.966416 2018] [negotiation:error] [pid 28779] (13)Permission denied: [client 52.4.143.42:43962] AH00686: cannot read directory for multi: /home/CS/delugach/public_html/
[Thu Jun 21 01:01:32.966752 2018] [negotiation:error] [pid 28779] (13)Permission denied: [client 52.4.143.42:43962] AH00686: cannot read directory for multi: /home/CS/delugach/public_html/
[Thu Jun 21 01:13:51.902070 2018] [core:crit] [pid 28779] (13)Permission denied: [client 35.153.194.52:26786] AH00529: /home/CS/rcoleman/public_html/CS221/Section3/.htaccess pcfg_openfile: unable to check htaccess file, ensure it is readable and that '/home/CS/rcoleman/public_html/CS221/Section3/' is executable
[Thu Jun 21 01:13:51.914882 2018] [core:crit] [pid 28779] (13)Permission denied: [client 35.153.194.52:26786] AH00529: /home/CS/rcoleman/public_html/CS221/CS221_Zip_Files1_10_2018/.htaccess pcfg_openfile: unable to check htaccess file, ensure it is readable and that '/home/CS/rcoleman/public_html/CS221/CS221_Zip_Files1_10_2018/' is executable
[Thu Jun 21 01:13:51.924114 2018] [core:crit] [pid 28779] (13)Permission denied: [client 35.153.194.52:26786] AH00529: /home/CS/rcoleman/public_html/CS221/Section1/.htaccess pcfg_openfile: unable to check htaccess file, ensure it is readable and that '/home/CS/rcoleman/public_html/CS221/Section1/' is executable
[Thu Jun 21 01:13:51.969086 2018] [core:crit] [pid 28779] (13)Permission denied: [client 35.153.194.52:26786] AH00529: /home/CS/rcoleman/public_html/CS221/Section3/.htaccess pcfg_openfile: unable to check htaccess file, ensure it is readable and that '/home/CS/rcoleman/public_html/CS221/Section3/' is executable
[Thu Jun 21 01:13:51.978801 2018] [core:crit] [pid 28779] (13)Permission denied: [client 35.153.194.52:26786] AH00529: /home/CS/rcoleman/public_html/CS221/CS221_Zip_Files1_10_2018/.htaccess pcfg_openfile: unable to check htaccess file, ensure it is readable and that '/home/CS/rcoleman/public_html/CS221/CS221_Zip_Files1_10_2018/' is executable
[Thu Jun 21 01:13:51.986501 2018] [core:crit] [pid 28779] (13)Permission denied: [client 35.153.194.52:26786] AH00529: /home/CS/rcoleman/public_html/CS221/Section1/.htaccess pcfg_openfile: unable to check htaccess file, ensure it is readable and that '/home/CS/rcoleman/public_html/CS221/Section1/' is executable
[Thu Jun 21 01:13:52.029265 2018] [core:crit] [pid 28779] (13)Permission denied: [client 35.153.194.52:26786] AH00529: /home/CS/rcoleman/public_html/CS221/Section3/.htaccess pcfg_openfile: unable to check htaccess file, ensure it is readable and that '/home/CS/rcoleman/public_html/CS221/Section3/' is executable
[Thu Jun 21 01:13:52.039298 2018] [core:crit] [pid 28779] (13)Permission denied: [client 35.153.194.52:26786] AH00529: /home/CS/rcoleman/public_html/CS221/CS221_Zip_Files1_10_2018/.htaccess pcfg_openfile: unable to check htaccess file, ensure it is readable and that '/home/CS/rcoleman/public_html/CS221/CS221_Zip_Files1_10_2018/' is executable
[Thu Jun 21 01:13:52.046684 2018] [core:crit] [pid 28779] (13)Permission denied: [client 35.153.194.52:26786] AH00529: /home/CS/rcoleman/public_html/CS221/Section1/.htaccess pcfg_openfile: unable to check htaccess file, ensure it is readable and that '/home/CS/rcoleman/public_html/CS221/Section1/' is executable
[Thu Jun 21 01:13:52.089597 2018] [core:crit] [pid 28779] (13)Permission denied: [client 35.153.194.52:26786] AH00529: /home/CS/rcoleman/public_html/CS221/Section3/.htaccess pcfg_openfile: unable to check htaccess file, ensure it is readable and that '/home/CS/rcoleman/public_html/CS221/Section3/' is executable
[Thu Jun 21 01:13:52.099491 2018] [core:crit] [pid 28779] (13)Permission denied: [client 35.153.194.52:26786] AH00529: /home/CS/rcoleman/public_html/CS221/CS221_Zip_Files1_10_2018/.htaccess pcfg_openfile: unable to check htaccess file, ensure it is readable and that '/home/CS/rcoleman/public_html/CS221/CS221_Zip_Files1_10_2018/' is executable
[Thu Jun 21 01:13:52.106672 2018] [core:crit] [pid 28779] (13)Permission denied: [client 35.153.194.52:26786] AH00529: /home/CS/rcoleman/public_html/CS221/Section1/.htaccess pcfg_openfile: unable to check htaccess file, ensure it is readable and that '/home/CS/rcoleman/public_html/CS221/Section1/' is executable
[Thu Jun 21 01:28:07.275377 2018] [core:crit] [pid 28707] (13)Permission denied: [client 35.153.194.52:54052] AH00529: /home/CS/weisskop/public_html/index_files/.htaccess pcfg_openfile: unable to check htaccess file, ensure it is readable and that '/home/CS/weisskop/public_html/index_files/' is executable
[Thu Jun 21 01:28:07.297350 2018] [core:crit] [pid 28707] (13)Permission denied: [client 35.153.194.52:54052] AH00529: /home/CS/weisskop/public_html/index_files/.htaccess pcfg_openfile: unable to check htaccess file, ensure it is readable and that '/home/CS/weisskop/public_html/index_files/' is executable
[Thu Jun 21 01:28:07.318235 2018] [core:crit] [pid 28707] (13)Permission denied: [client 35.153.194.52:54052] AH00529: /home/CS/weisskop/public_html/index_files/.htaccess pcfg_openfile: unable to check htaccess file, ensure it is readable and that '/home/CS/weisskop/public_html/index_files/' is executable
[Thu Jun 21 01:28:07.344786 2018] [core:crit] [pid 28707] (13)Permission denied: [client 35.153.194.52:54052] AH00529: /home/CS/weisskop/public_html/index_files/.htaccess pcfg_openfile: unable to check htaccess file, ensure it is readable and that '/home/CS/weisskop/public_html/index_files/' is executable
[Thu Jun 21 01:35:09.556623 2018] [core:crit] [pid 29241] (13)Permission denied: [client 35.153.194.52:10478] AH00529: /home/CS/rcoleman/public_html/CS221/Section3/.htaccess pcfg_openfile: unable to check htaccess file, ensure it is readable and that '/home/CS/rcoleman/public_html/CS221/Section3/' is executable
[Thu Jun 21 01:35:09.570517 2018] [core:crit] [pid 29241] (13)Permission denied: [client 35.153.194.52:10478] AH00529: /home/CS/rcoleman/public_html/CS221/CS221_Zip_Files1_10_2018/.htaccess pcfg_openfile: unable to check htaccess file, ensure it is readable and that '/home/CS/rcoleman/public_html/CS221/CS221_Zip_Files1_10_2018/' is executable
[Thu Jun 21 01:35:09.579672 2018] [core:crit] [pid 29241] (13)Permission denied: [client 35.153.194.52:10478] AH00529: /home/CS/rcoleman/public_html/CS221/Section1/.htaccess pcfg_openfile: unable to check htaccess file, ensure it is readable and that '/home/CS/rcoleman/public_html/CS221/Section1/' is executable
[Thu Jun 21 01:35:09.630709 2018] [core:crit] [pid 29241] (13)Permission denied: [client 35.153.194.52:10478] AH00529: /home/CS/rcoleman/public_html/CS221/Section3/.htaccess pcfg_openfile: unable to check htaccess file, ensure it is readable and that '/home/CS/rcoleman/public_html/CS221/Section3/' is executable
[Thu Jun 21 01:35:09.640986 2018] [core:crit] [pid 29241] (13)Permission denied: [client 35.153.194.52:10478] AH00529: /home/CS/rcoleman/public_html/CS221/CS221_Zip_Files1_10_2018/.htaccess pcfg_openfile: unable to check htaccess file, ensure it is readable and that '/home/CS/rcoleman/public_html/CS221/CS221_Zip_Files1_10_2018/' is executable
[Thu Jun 21 01:35:09.648079 2018] [core:crit] [pid 29241] (13)Permission denied: [client 35.153.194.52:10478] AH00529: /home/CS/rcoleman/public_html/CS221/Section1/.htaccess pcfg_openfile: unable to check htaccess file, ensure it is readable and that '/home/CS/rcoleman/public_html/CS221/Section1/' is executable
[Thu Jun 21 01:35:09.690015 2018] [core:crit] [pid 29241] (13)Permission denied: [client 35.153.194.52:10478] AH00529: /home/CS/rcoleman/public_html/CS221/Section3/.htaccess pcfg_openfile: unable to check htaccess file, ensure it is readable and that '/home/CS/rcoleman/public_html/CS221/Section3/' is executable
[Thu Jun 21 01:35:09.700217 2018] [core:crit] [pid 29241] (13)Permission denied: [client 35.153.194.52:10478] AH00529: /home/CS/rcoleman/public_html/CS221/CS221_Zip_Files1_10_2018/.htaccess pcfg_openfile: unable to check htaccess file, ensure it is readable and that '/home/CS/rcoleman/public_html/CS221/CS221_Zip_Files1_10_2018/' is executable
[Thu Jun 21 01:35:09.707706 2018] [core:crit] [pid 29241] (13)Permission denied: [client 35.153.194.52:10478] AH00529: /home/CS/rcoleman/public_html/CS221/Section1/.htaccess pcfg_openfile: unable to check htaccess file, ensure it is readable and that '/home/CS/rcoleman/public_html/CS221/Section1/' is executable
[Thu Jun 21 01:38:35.968076 2018] [core:crit] [pid 29286] (13)Permission denied: [client 157.55.39.155:6416] AH00529: /home/CS/rcoleman/public_html/CS221/Section3/.htaccess pcfg_openfile: unable to check htaccess file, ensure it is readable and that '/home/CS/rcoleman/public_html/CS221/Section3/' is executable
[Thu Jun 21 01:53:03.204775 2018] [core:crit] [pid 28678] (13)Permission denied: [client 40.77.167.145:6966] AH00529: /home/CS/rcoleman/public_html/CS221/Section1/.htaccess pcfg_openfile: unable to check htaccess file, ensure it is readable and that '/home/CS/rcoleman/public_html/CS221/Section1/' is executable
[Thu Jun 21 01:54:16.690547 2018] [core:crit] [pid 29109] (13)Permission denied: [client 35.153.194.52:39506] AH00529: /home/CS/weisskop/public_html/HomePageCS490_files/.htaccess pcfg_openfile: unable to check htaccess file, ensure it is readable and that '/home/CS/weisskop/public_html/HomePageCS490_files/' is executable
[Thu Jun 21 01:54:16.713069 2018] [core:crit] [pid 29109] (13)Permission denied: [client 35.153.194.52:39506] AH00529: /home/CS/weisskop/public_html/HomePageCS490_files/.htaccess pcfg_openfile: unable to check htaccess file, ensure it is readable and that '/home/CS/weisskop/public_html/HomePageCS490_files/' is executable
[Thu Jun 21 01:54:16.734564 2018] [core:crit] [pid 29109] (13)Permission denied: [client 35.153.194.52:39506] AH00529: /home/CS/weisskop/public_html/HomePageCS490_files/.htaccess pcfg_openfile: unable to check htaccess file, ensure it is readable and that '/home/CS/weisskop/public_html/HomePageCS490_files/' is executable
[Thu Jun 21 01:54:36.315590 2018] [core:crit] [pid 29287] (13)Permission denied: [client 207.46.13.91:23670] AH00529: /home/CS/rcoleman/public_html/CS221/Section1/.htaccess pcfg_openfile: unable to check htaccess file, ensure it is readable and that '/home/CS/rcoleman/public_html/CS221/Section1/' is executable
[Thu Jun 21 01:54:46.778239 2018] [core:crit] [pid 28946] (13)Permission denied: [client 35.153.194.52:45428] AH00529: /home/CS/weisskop/public_html/HomePageCS490_files/.htaccess pcfg_openfile: unable to check htaccess file, ensure it is readable and that '/home/CS/weisskop/public_html/HomePageCS490_files/' is executable
[Thu Jun 21 01:54:46.800835 2018] [core:crit] [pid 28946] (13)Permission denied: [client 35.153.194.52:45428] AH00529: /home/CS/weisskop/public_html/HomePageCS690_files/.htaccess pcfg_openfile: unable to check htaccess file, ensure it is readable and that '/home/CS/weisskop/public_html/HomePageCS690_files/' is executable
[Thu Jun 21 01:54:46.822669 2018] [core:crit] [pid 28946] (13)Permission denied: [client 35.153.194.52:45428] AH00529: /home/CS/weisskop/public_html/HomePageCS690_files/.htaccess pcfg_openfile: unable to check htaccess file, ensure it is readable and that '/home/CS/weisskop/public_html/HomePageCS690_files/' is executable
[Thu Jun 21 01:54:46.846178 2018] [core:crit] [pid 28946] (13)Permission denied: [client 35.153.194.52:45428] AH00529: /home/CS/weisskop/public_html/HomePageCS690_files/.htaccess pcfg_openfile: unable to check htaccess file, ensure it is readable and that '/home/CS/weisskop/public_html/HomePageCS690_files/' is executable
[Thu Jun 21 01:55:16.962287 2018] [core:crit] [pid 29286] (13)Permission denied: [client 35.153.194.52:51148] AH00529: /home/CS/weisskop/public_html/HomePageCS424-524_files/.htaccess pcfg_openfile: unable to check htaccess file, ensure it is readable and that '/home/CS/weisskop/public_html/HomePageCS424-524_files/' is executable
[Thu Jun 21 01:55:16.985127 2018] [core:crit] [pid 29286] (13)Permission denied: [client 35.153.194.52:51148] AH00529: /home/CS/weisskop/public_html/HomePageCS424-524_files/.htaccess pcfg_openfile: unable to check htaccess file, ensure it is readable and that '/home/CS/weisskop/public_html/HomePageCS424-524_files/' is executable
[Thu Jun 21 01:55:47.030715 2018] [core:crit] [pid 29285] (13)Permission denied: [client 35.153.194.52:56962] AH00529: /home/CS/weisskop/public_html/HomePageCS424-524_files/.htaccess pcfg_openfile: unable to check htaccess file, ensure it is readable and that '/home/CS/weisskop/public_html/HomePageCS424-524_files/' is executable
[Thu Jun 21 02:12:24.219554 2018] [negotiation:error] [pid 29109] (13)Permission denied: [client 35.153.194.52:53444] AH00686: cannot read directory for multi: /home/CS/weisskop/public_html/
[Thu Jun 21 02:12:54.266841 2018] [core:crit] [pid 29487] (13)Permission denied: [client 35.153.194.52:59388] AH00529: /home/CS/weisskop/public_html/CS690_A_readingList_files/.htaccess pcfg_openfile: unable to check htaccess file, ensure it is readable and that '/home/CS/weisskop/public_html/CS690_A_readingList_files/' is executable
[Thu Jun 21 02:12:54.293714 2018] [core:crit] [pid 29487] (13)Permission denied: [client 35.153.194.52:59388] AH00529: /home/CS/weisskop/public_html/CS690_A_readingList_files/.htaccess pcfg_openfile: unable to check htaccess file, ensure it is readable and that '/home/CS/weisskop/public_html/CS690_A_readingList_files/' is executable
[Thu Jun 21 02:12:54.317084 2018] [core:crit] [pid 29487] (13)Permission denied: [client 35.153.194.52:59388] AH00529: /home/CS/weisskop/public_html/CS690_A_readingList_files/.htaccess pcfg_openfile: unable to check htaccess file, ensure it is readable and that '/home/CS/weisskop/public_html/CS690_A_readingList_files/' is executable
[Thu Jun 21 02:13:24.363194 2018] [negotiation:error] [pid 29496] (13)Permission denied: [client 35.153.194.52:64976] AH00686: cannot read directory for multi: /home/CS/weisskop/public_html/
[Thu Jun 21 02:13:24.388239 2018] [negotiation:error] [pid 29496] (13)Permission denied: [client 35.153.194.52:64976] AH00686: cannot read directory for multi: /home/CS/weisskop/public_html/
[Thu Jun 21 02:13:24.435500 2018] [negotiation:error] [pid 29496] (13)Permission denied: [client 35.153.194.52:64976] AH00686: cannot read directory for multi: /home/CS/weisskop/public_html/
[Thu Jun 21 03:00:40.251030 2018] [core:crit] [pid 29608] (13)Permission denied: [client 66.249.64.158:36337] AH00529: /home/CS/rcoleman/public_html/CS221/Section3/.htaccess pcfg_openfile: unable to check htaccess file, ensure it is readable and that '/home/CS/rcoleman/public_html/CS221/Section3/' is executable
[Thu Jun 21 03:06:00.740655 2018] [core:error] [pid 29716] (13)Permission denied: [client 40.77.167.145:9120] AH00132: file permissions deny server access: /home/CS/weisskop/public_html/wall.jpg
[Thu Jun 21 03:20:40.256859 2018] [negotiation:error] [pid 29719] (13)Permission denied: [client 66.249.64.128:39665] AH00686: cannot read directory for multi: /home/CS/delugach/public_html/
[Thu Jun 21 04:11:46.237714 2018] [core:error] [pid 29586] (13)Permission denied: [client 40.77.167.145:3928] AH00132: file permissions deny server access: /home/CS/tnewman/public_html/syl613.spr-09.pdf
[Thu Jun 21 04:12:25.283603 2018] [core:error] [pid 30041] (13)Permission denied: [client 157.55.39.155:2077] AH00132: file permissions deny server access: /home/CS/rcoleman/public_html/CS307/GUIs/GUI_Lab_02-SimpleWin.html
[Thu Jun 21 04:40:40.330111 2018] [negotiation:error] [pid 30153] (13)Permission denied: [client 66.249.64.128:44894] AH00686: cannot read directory for multi: /home/CS/delugach/public_html/
[Thu Jun 21 05:40:40.301663 2018] [negotiation:error] [pid 30553] (13)Permission denied: [client 66.249.64.158:64989] AH00686: cannot read directory for multi: /home/CS/delugach/public_html/
[Thu Jun 21 05:42:03.122274 2018] [core:crit] [pid 30553] (13)Permission denied: [client 207.46.13.91:7804] AH00529: /home/CS/rcoleman/public_html/CS221/Section1/.htaccess pcfg_openfile: unable to check htaccess file, ensure it is readable and that '/home/CS/rcoleman/public_html/CS221/Section1/' is executable
[Thu Jun 21 05:44:55.219012 2018] [core:crit] [pid 30042] (13)Permission denied: [client 207.46.13.51:7281] AH00529: /home/CS/rcoleman/public_html/CS221/Section1/.htaccess pcfg_openfile: unable to check htaccess file, ensure it is readable and that '/home/CS/rcoleman/public_html/CS221/Section1/' is executable
[Thu Jun 21 05:48:09.637164 2018] [core:crit] [pid 30377] (13)Permission denied: [client 40.77.167.145:11554] AH00529: /home/CS/rcoleman/public_html/CS221/Section1/.htaccess pcfg_openfile: unable to check htaccess file, ensure it is readable and that '/home/CS/rcoleman/public_html/CS221/Section1/' is executable
[Thu Jun 21 06:00:40.353506 2018] [negotiation:error] [pid 30650] (13)Permission denied: [client 66.249.64.131:50360] AH00686: cannot read directory for multi: /home/CS/delugach/public_html/
[Thu Jun 21 06:27:33.606831 2018] [authz_core:error] [pid 30789] [client 5.255.250.23:37228] AH01630: client denied by server configuration: /home/CS/visgig/public_html
[Thu Jun 21 06:33:50.949903 2018] [core:crit] [pid 30814] (13)Permission denied: [client 40.77.167.145:5778] AH00529: /home/CS/rcoleman/public_html/CS221/Section1/.htaccess pcfg_openfile: unable to check htaccess file, ensure it is readable and that '/home/CS/rcoleman/public_html/CS221/Section1/' is executable
[Thu Jun 21 06:47:49.679838 2018] [core:crit] [pid 31195] (13)Permission denied: [client 157.55.39.155:9389] AH00529: /home/CS/rcoleman/public_html/CS221/Section3/.htaccess pcfg_openfile: unable to check htaccess file, ensure it is readable and that '/home/CS/rcoleman/public_html/CS221/Section3/' is executable
[Thu Jun 21 07:00:40.336431 2018] [negotiation:error] [pid 31203] (13)Permission denied: [client 66.249.64.131:35222] AH00686: cannot read directory for multi: /home/CS/delugach/public_html/
[Thu Jun 21 07:14:38.076480 2018] [core:crit] [pid 31203] (13)Permission denied: [client 207.46.13.91:15392] AH00529: /home/CS/rcoleman/public_html/CS221/Section3/.htaccess pcfg_openfile: unable to check htaccess file, ensure it is readable and that '/home/CS/rcoleman/public_html/CS221/Section3/' is executable
[Thu Jun 21 08:00:40.363760 2018] [negotiation:error] [pid 31429] (13)Permission denied: [client 66.249.64.128:56933] AH00686: cannot read directory for multi: /home/CS/delugach/public_html/
[Thu Jun 21 08:19:50.281663 2018] [:error] [pid 31438] [client 5.255.250.23:48608] PHP Notice:  Undefined index: page in /netshare/var/www/html/visgig/index.php on line 2
[Thu Jun 21 08:19:50.281690 2018] [:error] [pid 31438] [client 5.255.250.23:48608] PHP Notice:  Undefined index: cur in /netshare/var/www/html/visgig/index.php on line 3
[Thu Jun 21 08:20:03.011488 2018] [:error] [pid 31534] [client 5.255.250.23:63980] PHP Notice:  Undefined index: cur in /netshare/var/www/html/visgig/index.php on line 3
[Thu Jun 21 08:25:56.115954 2018] [core:crit] [pid 31429] (13)Permission denied: [client 136.53.1.166:60698] AH00529: /home/CS/mdrewry/public_html/cs102/.htaccess pcfg_openfile: unable to check htaccess file, ensure it is readable and that '/home/CS/mdrewry/public_html/cs102/' is executable
